
 ets Jan  8 2013,rst cause:2, boot mode:(3,6)

load 0x40100000, len 7040, room 16
tail 0
chksum 0xee
load 0x3ffe8408, len 24, room 8
tail 0
chksum 0x67
load 0x3ffe8420, len 3324, room 8
tail 4
chksum 0x47
csum 0x47
I (42) boot: ESP-IDF v3.4-49-g0f200b46 2nd stage bootloader
I (42) boot: compile time 18:24:00
I (43) qio_mode: Enabling default flash chip QIO
I (51) boot: SPI Speed      : 40MHz
I (57) boot: SPI Mode       : QIO
I (63) boot: SPI Flash Size : 2MB
I (69) boot: Partition Table:
I (75) boot: ## Label            Usage          Type ST Offset   Length
I (86) boot:  0 nvs              WiFi data        01 02 00009000 00006000
I (98) boot:  1 phy_init         RF data          01 01 0000f000 00001000
I (109) boot:  2 factory          factory app      00 00 00010000 000f0000
I (121) boot: End of partition table
I (127) esp_image: segment 0: paddr=0x00010010 vaddr=0x40210010 size=0x1cc68 (117864) map
I (180) esp_image: segment 1: paddr=0x0002cc80 vaddr=0x4022cc78 size=0x07130 ( 28976) map
I (191) esp_image: segment 2: paddr=0x00033db8 vaddr=0x3ffe8000 size=0x00544 (  1348) load
I (192) esp_image: segment 3: paddr=0x00034304 vaddr=0x40100000 size=0x00080 (   128) load
I (205) esp_image: segment 4: paddr=0x0003438c vaddr=0x40100080 size=0x050c0 ( 20672) load
I (225) boot: Loaded app from partition at offset 0x10000
Akshay Seedath, ID# 816020170
This is ESP8266 chip with 1 CPU cores, WiFi, silicon revision 1, 2MB external flash
Restarting in 2 seconds...
Restarting in 1 seconds...
Restarting in 0 seconds...
Restarting now.

 ets Jan  8 2013,rst cause:2, boot mode:(3,6)

load 0x40100000, len 7040, room 16
tail 0
chksum 0xee
load 0x3ffe8408, len 24, room 8
tail 0
chksum 0x67
load 0x3ffe8420, len 3324, room 8
tail 4
chksum 0x47
csum 0x47
I (85) boot: ESP-IDF v3.4-49-g0f200b46 2nd stage bootloader
I (86) boot: compile time 18:24:00
I (86) qio_mode: Enabling default flash chip QIO
I (102) boot: SPI Speed      : 40MHz
I (115) boot: SPI Mode       : QIO
I (128) boot: SPI Flash Size : 2MB
I (140) boot: Partition Table:
I (152) boot: ## Label            Usage          Type ST Offset   Length
I (174) boot:  0 nvs              WiFi data        01 02 00009000 00006000
I (198) boot:  1 phy_init         RF data          01 01 0000f000 00001000
I (221) boot:  2 factory          factory app      00 00 00010000 000f0000
I (244) boot: End of partition table
I (257) esp_image: segment 0: paddr=0x00010010 vaddr=0x40210010 size=0x1cc68 (117864) map
I (340) esp_image: segment 1: paddr=0x0002cc80 vaddr=0x4022cc78 size=0x07130 ( 28976) map
I (354) esp_image: segment 2: paddr=0x00033db8 vaddr=0x3ffe8000 size=0x00544 (  1348) load
I (362) esp_image: segment 3: paddr=0x00034304 vaddr=0x40100000 size=0x00080 (   128) load
I (390) esp_image: segment 4: paddr=0x0003438c vaddr=0x40100080 size=0x050c0 ( 20672) load
I (426) boot: Loaded app from partition at offset 0x10000
Akshay Seedath, ID# 816020170
This is ESP8266 chip with 1 CPU cores, WiFi, silicon revision 1, 2MB external flash
Restarting in 2 seconds...
Restarting in 1 seconds...
Restarting in 0 seconds...
Restarting now.

 ets Jan  8 2013,rst cause:2, boot mode:(3,6)

load 0x40100000, len 7040, room 16
tail 0
chksum 0xee
load 0x3ffe8408, len 24, room 8
tail 0
chksum 0x67
load 0x3ffe8420, len 3324, room 8
tail 4
chksum 0x47
csum 0x47
I (85) boot: ESP-IDF v3.4-49-g0f200b46 2nd stage bootloader
I (86) boot: compile time 18:24:00
I (86) qio_mode: Enabling default flash chip QIO
I (102) boot: SPI Speed      : 40MHz
I (115) boot: SPI Mode       : QIO
I (128) boot: SPI Flash Size : 2MB
I (140) boot: Partition Table:
I (152) boot: ## Label            Usage          Type ST Offset   Length
I (174) boot:  0 nvs              WiFi data        01 02 00009000 00006000
I (198) boot:  1 phy_init         RF data          01 01 0000f000 00001000
I (221) boot:  2 factory          factory app      00 00 00010000 000f0000
I (244) boot: End of partition table
I (257) esp_image: segment 0: paddr=0x00010010 vaddr=0x40210010 size=0x1cc68 (117864) map
I (340) esp_image: segment 1: paddr=0x0002cc80 vaddr=0x4022cc78 size=0x07130 ( 28976) map
I (354) esp_image: segment 2: paddr=0x00033db8 vaddr=0x3ffe8000 size=0x00544 (  1348) load
I (362) esp_image: segment 3: paddr=0x00034304 vaddr=0x40100000 size=0x00080 (   128) load
I (390) esp_image: segment 4: paddr=0x0003438c vaddr=0x40100080 size=0x050c0 ( 20672) load
I (426) boot: Loaded app from partition at offset 0x10000
Akshay Seedath, ID# 816020170
This is ESP8266 chip with 1 CPU cores, WiFi, silicon revision 1, 2MB external flash
Restarting in 2 seconds...
Restarting in 1 seconds...
Restarting in 0 seconds...
Restarting now.

 ets Jan  8 2013,rst cause:2, boot mode:(3,6)

load 0x40100000, len 7040, room 16
tail 0
chksum 0xee
load 0x3ffe8408, len 24, room 8
tail 0
chksum 0x67
load 0x3ffe8420, len 3324, room 8
tail 4
chksum 0x47
csum 0x47
I (85) boot: ESP-IDF v3.4-49-g0f200b46 2nd stage bootloader
I (86) boot: compile time 18:24:00
I (86) qio_mode: Enabling default flash chip QIO
I (102) boot: SPI Speed      : 40MHz
I (115) boot: SPI Mode       : QIO
I (128) boot: SPI Flash Size : 2MB
I (140) boot: Partition Table:
I (152) boot: ## Label            Usage          Type ST Offset   Length
I (174) boot:  0 nvs              WiFi data        01 02 00009000 00006000
I (198) boot:  1 phy_init         RF data          01 01 0000f000 00001000
I (221) boot:  2 factory          factory app      00 00 00010000 000f0000
I (244) boot: End of partition table
I (257) esp_image: segment 0: paddr=0x00010010 vaddr=0x40210010 size=0x1cc68 (117864) map
I (340) esp_image: segment 1: paddr=0x0002cc80 vaddr=0x4022cc78 size=0x07130 ( 28976) map
I (354) esp_image: segment 2: paddr=0x00033db8 vaddr=0x3ffe8000 size=0x00544 (  1348) load
I (362) esp_image: segment 3: paddr=0x00034304 vaddr=0x40100000 size=0x00080 (   128) load
I (390) esp_image: segment 4: paddr=0x0003438c vaddr=0x40100080 size=0x050c0 ( 20672) load
I (426) boot: Loaded app from partition at offset 0x10000
Akshay Seedath, ID# 816020170
This is ESP8266 chip with 1 CPU cores, WiFi, silicon revision 1, 2MB external flash
Restarting in 2 seconds...
Restarting in 1 seconds...
Restarting in 0 seconds...
Restarting now.

 ets Jan  8 2013,rst cause:2, boot mode:(3,6)

load 0x40100000, len 7040, room 16
tail 0
chksum 0xee
load 0x3ffe8408, len 24, room 8
tail 0
chksum 0x67
load 0x3ffe8420, len 3324, room 8
tail 4
chksum 0x47
csum 0x47
I (85) boot: ESP-IDF v3.4-49-g0f200b46 2nd stage bootloader
I (86) boot: compile time 18:24:00
I (86) qio_mode: Enabling default flash chip QIO
I (102) boot: SPI Speed      : 40MHz
I (115) boot: SPI Mode       : QIO
I (128) boot: SPI Flash Size : 2MB
I (140) boot: Partition Table:
I (152) boot: ## Label            Usage          Type ST Offset   Length
I (174) boot:  0 nvs              WiFi data        01 02 00009000 00006000
I (198) boot:  1 phy_init         RF data          01 01 0000f000 00001000
I (221) boot:  2 factory          factory app      00 00 00010000 000f0000
I (244) boot: End of partition table
I (257) esp_image: segment 0: paddr=0x00010010 vaddr=0x40210010 size=0x1cc68 (117864) map
I (340) esp_image: segment 1: paddr=0x0002cc80 vaddr=0x4022cc78 size=0x07130 ( 28976) map
I (354) esp_image: segment 2: paddr=0x00033db8 vaddr=0x3ffe8000 size=0x00544 (  1348
